Loading predictions…
  Club tips ready (6 matches)
  WC fixtures ready (10 matches)
 * Serving Flask app 'app'
 * Debug mode: on
WARNING: This is a development server. Do not use it in a production deployment. Use a production WSGI server instead.
 * Running on http://127.0.0.1:5000
Press CTRL+C to quit
 * Restarting with stat
Loading predictions…
  Club tips ready (6 matches)
  WC fixtures ready (10 matches)
 * Debugger is active!
 * Debugger PIN: 117-078-920
 * Detected change in 'C:\\Users\\HP ZBook 14\\Az Predictions\\fetch_fixtures.py', reloading
 * Restarting with stat
Loading predictions…
  Club tips ready (6 matches)
  WC fixtures ready (10 matches)
 * Debugger is active!
 * Debugger PIN: 117-078-920
 * Detected change in 'C:\\Users\\HP ZBook 14\\Az Predictions\\fetch_fixtures.py', reloading
 * Restarting with stat
Loading predictions…
  Club tips ready (6 matches)
  WC fixtures ready (10 matches)
 * Debugger is active!
 * Debugger PIN: 117-078-920
